---
source: tests/snapshots.rs
assertion_line: 226
expression: buffer_to_text(&buf)
---
 FILTERS                   ▶▮◀ /tmp/tuxedo-snapshot.txt  •  15 tas DETAIL                           
     ┌ tuxedo · help ─────────────────────────────────────────────────────────────────────────┐     
 PROJ│  NAVIGATION                                                                            │     
   +w│    j / ↓             next task                                                         │     
   +h│    k / ↑             previous task                                                     │     
   +f│    gg                first task                                                        │     
   +h│    G                 last task                                                         │     
   +l│    Ctrl-d / Ctrl-u   page down / up                                                    │     
   +p│                                                                                        │     
   +t│  EDITING                                                                               │     
     │    n                 new task                                                          │rd   
 CONT│    e                 edit line (normal)                                                │     
   @e│    i                 edit line (insert)                                                │     
   @h│    r                 reschedule task                                                   │     
   @l│    x                 toggle complete                                                   │     
   @p│    dd                delete task                                                       │     
     │    p                 cycle priority A→B→C→·                                            │     
     │    c                 add/remove context                                                │     
     │    +                 add project                                                       │     
     │    yy                copy line to clipboard                                            │     
     │    yb                copy body only                                                    │     
     │    N                 add/edit note                                                     │     
     │    u                 undo                                                              │     
     │                                                                                        │     
     │  VIEW                                                                                  │     
     │    /                 fuzzy search                                                      │     
     │    fp / fc           filter project/context                                            │     
     │    ff / fs           saved filter pick/save                                            │     
     │    S                 cycle sort                                                        │     
     └────────────────────────────────────────────────────────────────────────────────────────┘     
                                                                                                    
 HELP   ? close help                                         15 open · 2026-05-06 · tuxedo 2026.6.3
